<?xml version="1.0" encoding="UTF-8"?><orderHistory createdAt="2017-09-01T00:00Z"/>
