java.lang.UnsupportedOperationException: shouldn't call this from a unit test, it will do a slow db lookup