<?xml version="1.0" encoding="UTF-8"?><orderTax>0.00</orderTax>
